make -C libft
make[1]: Entering directory '/home/ahmbasar/sources/repos/42-core/libft'
make[1]: Nothing to be done for 'all'.
make[1]: Leaving directory '/home/ahmbasar/sources/repos/42-core/libft'
make push_swap
make[1]: Entering directory '/home/ahmbasar/sources/repos/42-core'
make[1]: 'push_swap' is up to date.
make[1]: Leaving directory '/home/ahmbasar/sources/repos/42-core'
./push_swap --simple 3 4 19 827 2
[0mstrategy: [36m[1mSIMPLE[0m


disorder: [1m40.000000
[0moperations: 0
[0m[1mA = [31m{ [37m[2m[0][0m[33m<0>:[0m[1m[32m3[0m, [37m[2m[1][0m[33m<0>:[0m[1m[32m4[0m, [37m[2m[2][0m[33m<0>:[0m[1m[32m19[0m, [37m[2m[3][0m[33m<0>:[0m[1m[32m827[0m, [37m[2m[4][0m[33m<0>:[0m[1m[32m2[0m, [31m[1m }
[0mpb
pb
rra
ra
pa
pa
rra
[0mstrategy: [36m[1mSIMPLE[0m


disorder: [1m0.000000
[0moperations: 7
